[33mcommit 95b7ace69f864381fe5a9d4367eed7958a090c9d[m
Author: moonbirdzhp <zhp.moonbird@gmail.com>
Date:   Fri Sep 20 19:41:13 2013 +0800

    second test

[1mdiff --git a/header.h b/header.h[m
[1mnew file mode 100644[m
[1mindex 0000000..8425196[m
[1m--- /dev/null[m
[1m+++ b/header.h[m
[36m@@ -0,0 +1,5 @@[m
[32m+[m[32m#include <iostream>[m
[32m+[m[32m#include <string>[m
[32m+[m
[32m+[m[32musing std::cout;[m
[32m+[m[32musing std::endl;[m

[33mcommit 624d3d8b35c54d363aab600102582ab4ae81cdf4[m
Author: moonbirdzhp <zhp.moonbird@gmail.com>
Date:   Fri Sep 20 19:33:12 2013 +0800

    ~
    ~
    ~
    ".git/COMMIT_EDITMSG"

[1mdiff --git a/README.txt b/README.txt[m
[1mnew file mode 100644[m
[1mindex 0000000..bbcfc66[m
[1m--- /dev/null[m
[1m+++ b/README.txt[m
[36m@@ -0,0 +1 @@[m
[32m+[m[32mThe first time[m
[1mdiff --git a/test.cpp b/test.cpp[m
[1mindex f6cce1e..4192fa6 100644[m
[1m--- a/test.cpp[m
[1m+++ b/test.cpp[m
[36m@@ -1,8 +1,9 @@[m
 #include <iostream>[m
 using std::cout;[m
 using std::endl;[m
[31m-[m
[32m+[m[32m//i:wq[m
 int main()[m
 {[m
 	cout<<"Hello World"<<endl;[m
[31m-}[m
[32m+[m[32m    return 0;[m
[32m+[m[32m    }[m
